---
source: melior/src/dialect/ods.rs
expression: module.as_operation()
---
module attributes {llvm.data_layout = ""} {
  llvm.func @foo(%arg0: i64) {
    %0 = llvm.alloca %arg0 x i64 : (i64) -> !llvm.ptr<i64>
    llvm.return
  }
}

